// Jest Snapshot v1, https://goo.gl/fbAQLP

exports[`Renders the Portfolio Manager 1`] = `"<div class=\\"css-1mpq5ag\\"><header class=\\"css-yq6yn0\\"><h2 class=\\"chakra-heading css-1txeb3g\\">Mudrex </h2><ul role=\\"list\\" class=\\"css-1oxum4v\\"><div class=\\"chakra-stack css-3o20c4\\"><li class=\\"css-0\\"><a href=\\"http://mudrex.com\\" target=\\"_blank\\" rel=\\"noopener noreferrer\\">About</a></li><li class=\\"css-0\\"><a href=\\"mailto:support@mudrex.com\\">Contact</a></li><li class=\\"css-0\\"><div class=\\"chakra-select__wrapper css-1ilqd55\\"><select aria-label=\\"exchange-currency\\" class=\\"chakra-select css-ab5buk\\"><option value=\\"INR\\" selected=\\"\\">â‚¹ INR</option><option value=\\"USD\\">$ USD</option></select><div class=\\"chakra-select__icon-wrapper css-162mkon\\"><svg viewBox=\\"0 0 24 24\\" role=\\"presentation\\" class=\\"chakra-select__icon\\" focusable=\\"false\\" aria-hidden=\\"true\\" style=\\"width: 1em; height: 1em; color: currentColor;\\"><path fill=\\"currentColor\\" d=\\"M16.59 8.59L12 13.17 7.41 8.59 6 10l6 6 6-6z\\"></path></svg></div></div></li></div></ul></header><div class=\\"css-1s479nb\\"><table role=\\"table\\" class=\\"chakra-table css-0\\"><thead class=\\"css-0\\"><tr role=\\"row\\" class=\\"css-0\\"><th class=\\"css-xi606m\\">#</th><th class=\\"css-vc5bon\\">Name</th><th class=\\"css-0\\">Symbol</th><th data-is-numeric=\\"true\\" class=\\"css-0\\">Price (INR)</th><th data-is-numeric=\\"true\\" class=\\"css-0\\"><div class=\\"css-192qrng\\"><span class=\\"chakra-text css-ym5um8\\">Circulating supply</span> </div></th><th data-is-numeric=\\"true\\" class=\\"css-0\\"><div class=\\"css-192qrng\\"><span class=\\"chakra-text css-ym5um8\\">Your holdings</span> </div></th></tr></thead><tbody class=\\"css-0\\"><tr role=\\"row\\" class=\\"css-axuxj7\\"><td role=\\"gridcell\\" class=\\"css-xi606m\\">5</td><td role=\\"gridcell\\" class=\\"css-11vo1xj\\">Bitcoin</td><td role=\\"gridcell\\" class=\\"css-0\\">BTC</td><td role=\\"gridcell\\" data-is-numeric=\\"true\\" class=\\"css-0\\">â‚¹683,389.351</td><td role=\\"gridcell\\" data-is-numeric=\\"true\\" class=\\"css-0\\">16,950,100</td><td role=\\"gridcell\\" data-is-numeric=\\"true\\" class=\\"css-0\\"><span class=\\"css-192qrng\\"><span>-</span><button type=\\"button\\" class=\\"chakra-button css-wpkkii\\" aria-label=\\"Update holdings\\"><svg viewBox=\\"0 0 24 24\\" focusable=\\"false\\" class=\\"chakra-icon css-onkibi\\" aria-hidden=\\"true\\"><g fill=\\"none\\" stroke=\\"currentColor\\" stroke-linecap=\\"round\\" stroke-width=\\"2\\"><path d=\\"M11 4H4a2 2 0 0 0-2 2v14a2 2 0 0 0 2 2h14a2 2 0 0 0 2-2v-7\\"></path><path d=\\"M18.5 2.5a2.121 2.121 0 0 1 3 3L12 15l-4 1 1-4 9.5-9.5z\\"></path></g></svg></button></span></td></tr><tr role=\\"row\\" class=\\"css-axuxj7\\"><td role=\\"gridcell\\" class=\\"css-xi606m\\">-</td><td role=\\"gridcell\\" class=\\"css-11vo1xj\\">Ethereum</td><td role=\\"gridcell\\" class=\\"css-0\\">ETH</td><td role=\\"gridcell\\" data-is-numeric=\\"true\\" class=\\"css-0\\">â‚¹94,509.351</td><td role=\\"gridcell\\" data-is-numeric=\\"true\\" class=\\"css-0\\">16,950,100</td><td role=\\"gridcell\\" data-is-numeric=\\"true\\" class=\\"css-0\\"><span class=\\"css-192qrng\\"><span>-</span><button type=\\"button\\" class=\\"chakra-button css-wpkkii\\" aria-label=\\"Update holdings\\"><svg viewBox=\\"0 0 24 24\\" focusable=\\"false\\" class=\\"chakra-icon css-onkibi\\" aria-hidden=\\"true\\"><g fill=\\"none\\" stroke=\\"currentColor\\" stroke-linecap=\\"round\\" stroke-width=\\"2\\"><path d=\\"M11 4H4a2 2 0 0 0-2 2v14a2 2 0 0 0 2 2h14a2 2 0 0 0 2-2v-7\\"></path><path d=\\"M18.5 2.5a2.121 2.121 0 0 1 3 3L12 15l-4 1 1-4 9.5-9.5z\\"></path></g></svg></button></span></td></tr></tbody></table></div><p class=\\"chakra-text css-1iu1318\\">To the moon ðŸš€</p></div>"`;
